// Jest Snapshot v1, https://goo.gl/fbAQLP

exports[`renders sagemaker-embeddings template correctly 1`] = `
{
  "AWSTemplateFormatVersion": "2010-09-09",
  "Conditions": {
    "EmbeddingsSagemakerProvisioned": {
      "Fn::Not": [
        {
          "Fn::Equals": [
            {
              "Ref": "SagemakerInitialInstanceCount",
            },
            0,
          ],
        },
      ],
    },
    "EmbeddingsSagemakerServerless": {
      "Fn::Equals": [
        {
          "Ref": "SagemakerInitialInstanceCount",
        },
        0,
      ],
    },
    "VPCEnabled": {
      "Fn::Not": [
        {
          "Fn::Equals": [
            "",
            {
              "Ref": "VPCSecurityGroupIdList",
            },
          ],
        },
      ],
    },
  },
  "Description": "(SO0189n-sagemaker) QnABot nested sagemaker embeddings resources - Version vx.x.x",
  "Outputs": {
    "EmbeddingsSagemakerEndpoint": {
      "Value": {
        "Fn::If": [
          "EmbeddingsSagemakerProvisioned",
          {
            "Fn::GetAtt": [
              "QnABotProvisionedEmbeddingEndpoint",
              "EndpointName",
            ],
          },
          {
            "Fn::GetAtt": [
              "QnABotServerlessEmbeddingEndpoint",
              "EndpointName",
            ],
          },
        ],
      },
    },
    "EmbeddingsSagemakerEndpointArn": {
      "Value": {
        "Fn::If": [
          "EmbeddingsSagemakerProvisioned",
          {
            "Ref": "QnABotProvisionedEmbeddingEndpoint",
          },
          {
            "Ref": "QnABotServerlessEmbeddingEndpoint",
          },
        ],
      },
    },
  },
  "Parameters": {
    "BootstrapBucket": {
      "Type": "String",
    },
    "BootstrapPrefix": {
      "Type": "String",
    },
    "CFNLambda": {
      "Type": "String",
    },
    "S3Clean": {
      "Type": "String",
    },
    "SagemakerInitialInstanceCount": {
      "Type": "Number",
    },
    "VPCSecurityGroupIdList": {
      "Type": "String",
    },
    "VPCSubnetIdList": {
      "Type": "String",
    },
  },
  "Resources": {
    "QnABotEmbeddingModel": {
      "Properties": {
        "ExecutionRoleArn": {
          "Fn::GetAtt": [
            "QnABotEmbeddingModelExecutionRole",
            "Arn",
          ],
        },
        "PrimaryContainer": {
          "Environment": {
            "ENDPOINT_SERVER_TIMEOUT": "3600",
            "MODEL_CACHE_ROOT": "/opt/ml/model",
            "SAGEMAKER_ENV": "1",
            "SAGEMAKER_MODEL_SERVER_WORKERS": "1",
            "SAGEMAKER_PROGRAM": "inference.py",
          },
          "Image": {
            "Fn::Sub": "763104351884.dkr.ecr.\${AWS::Region}.amazonaws.com/huggingface-pytorch-inference:1.13.1-transformers4.26.0-gpu-py39-cu117-ubuntu20.04",
          },
          "ModelDataSource": {
            "S3DataSource": {
              "CompressionType": "None",
              "ModelAccessConfig": {
                "AcceptEula": true,
              },
              "S3DataType": "S3Prefix",
              "S3Uri": {
                "Fn::Sub": "s3://jumpstart-cache-prod-\${AWS::Region}/huggingface-sentencesimilarity/huggingface-sentencesimilarity-e5-large-v2/artifacts/inference-prepack/v1.0.2/",
              },
            },
          },
        },
        "VpcConfig": {
          "Fn::If": [
            "VPCEnabled",
            {
              "SecurityGroupIds": {
                "Fn::Split": [
                  ",",
                  {
                    "Ref": "VPCSecurityGroupIdList",
                  },
                ],
              },
              "Subnets": {
                "Fn::Split": [
                  ",",
                  {
                    "Ref": "VPCSubnetIdList",
                  },
                ],
              },
            },
            {
              "Ref": "AWS::NoValue",
            },
          ],
        },
      },
      "Type": "AWS::SageMaker::Model",
    },
    "QnABotEmbeddingModelExecutionRole": {
      "Metadata": {
        "cfn_nag": {
          "rules_to_suppress": [
            {
              "id": "W11",
              "reason": "cloudwatch:PutMetricData, ecr:GetAuthorizationToken, and ec2:Describe* actions cannot be bound to a resource",
            },
          ],
        },
        "guard": {
          "SuppressedRules": [
            "IAM_NO_INLINE_POLICY_CHECK",
          ],
        },
      },
      "Properties": {
        "AssumeRolePolicyDocument": {
          "Statement": [
            {
              "Action": [
                "sts:AssumeRole",
              ],
              "Effect": "Allow",
              "Principal": {
                "Service": [
                  "sagemaker.amazonaws.com",
                ],
              },
            },
          ],
          "Version": "2012-10-17",
        },
        "Path": "/",
        "Policies": [
          {
            "PolicyDocument": {
              "Statement": [
                {
                  "Action": [
                    "s3:GetObject",
                    "s3:ListBucket",
                  ],
                  "Effect": "Allow",
                  "Resource": [
                    {
                      "Fn::Sub": "arn:\${AWS::Partition}:s3:::jumpstart-cache-prod-\${AWS::Region}*",
                    },
                  ],
                },
                {
                  "Action": [
                    "logs:CreateLogStream",
                    "logs:CreateLogGroup",
                    "logs:DescribeLogStreams",
                  ],
                  "Effect": "Allow",
                  "Resource": [
                    {
                      "Fn::Sub": "arn:\${AWS::Partition}:logs:\${AWS::Region}:\${AWS::AccountId}:log-group:/aws/sagemaker/*",
                    },
                  ],
                },
                {
                  "Action": [
                    "logs:PutLogEvents",
                  ],
                  "Effect": "Allow",
                  "Resource": [
                    {
                      "Fn::Sub": "arn:\${AWS::Partition}:logs:\${AWS::Region}:\${AWS::AccountId}:log-group:/aws/sagemaker/*:log-stream:*",
                    },
                  ],
                },
                {
                  "Action": [
                    "cloudwatch:PutMetricData",
                    "ecr:GetAuthorizationToken",
                  ],
                  "Effect": "Allow",
                  "Resource": [
                    "*",
                  ],
                },
                {
                  "Action": [
                    "ecr:BatchCheckLayerAvailability",
                    "ecr:GetDownloadUrlForLayer",
                    "ecr:BatchGetImage",
                  ],
                  "Effect": "Allow",
                  "Resource": [
                    {
                      "Fn::Sub": "arn:\${AWS::Partition}:ecr:\${AWS::Region}:*:repository/huggingface-pytorch-inference",
                    },
                  ],
                },
                {
                  "Action": [
                    "ec2:DescribeVpcEndpoints",
                    "ec2:DescribeDhcpOptions",
                    "ec2:DescribeVpcs",
                    "ec2:DescribeSubnets",
                    "ec2:DescribeSecurityGroups",
                    "ec2:DescribeNetworkInterfaces",
                  ],
                  "Effect": "Allow",
                  "Resource": [
                    "*",
                  ],
                },
                {
                  "Action": [
                    "ec2:CreateNetworkInterface",
                    "ec2:CreateNetworkInterfacePermission",
                  ],
                  "Effect": "Allow",
                  "Resource": [
                    {
                      "Fn::Sub": "arn:\${AWS::Partition}:ec2:\${AWS::Region}:\${AWS::AccountId}:network-interface/*",
                    },
                    {
                      "Fn::Sub": "arn:\${AWS::Partition}:ec2:\${AWS::Region}:\${AWS::AccountId}:subnet/*",
                    },
                    {
                      "Fn::Sub": "arn:\${AWS::Partition}:ec2:\${AWS::Region}:\${AWS::AccountId}:security-group/*",
                    },
                  ],
                },
              ],
              "Version": "2012-10-17",
            },
            "PolicyName": "S3Policy",
          },
        ],
      },
      "Type": "AWS::IAM::Role",
    },
    "QnABotProvisionedEmbeddingEndpoint": {
      "Condition": "EmbeddingsSagemakerProvisioned",
      "Properties": {
        "EndpointConfigName": {
          "Fn::GetAtt": [
            "QnABotProvisionedEmbeddingEndpointConfig",
            "EndpointConfigName",
          ],
        },
      },
      "Type": "AWS::SageMaker::Endpoint",
    },
    "QnABotProvisionedEmbeddingEndpointConfig": {
      "Condition": "EmbeddingsSagemakerProvisioned",
      "Metadata": {
        "cfn_nag": {
          "rules_to_suppress": [
            {
              "id": "W1200",
              "reason": "Default transient keys used by SageMaker for encryption is sufficient for use case",
            },
          ],
        },
      },
      "Properties": {
        "ProductionVariants": [
          {
            "InitialInstanceCount": {
              "Ref": "SagemakerInitialInstanceCount",
            },
            "InitialVariantWeight": 1,
            "InstanceType": "ml.m5.xlarge",
            "ModelName": {
              "Fn::GetAtt": [
                "QnABotEmbeddingModel",
                "ModelName",
              ],
            },
            "VariantName": "AllTraffic",
          },
        ],
      },
      "Type": "AWS::SageMaker::EndpointConfig",
    },
    "QnABotServerlessEmbeddingEndpoint": {
      "Condition": "EmbeddingsSagemakerServerless",
      "Properties": {
        "EndpointConfigName": {
          "Fn::GetAtt": [
            "QnABotServerlessEmbeddingEndpointConfig",
            "EndpointConfigName",
          ],
        },
      },
      "Type": "AWS::SageMaker::Endpoint",
    },
    "QnABotServerlessEmbeddingEndpointConfig": {
      "Condition": "EmbeddingsSagemakerServerless",
      "Metadata": {
        "cfn_nag": {
          "rules_to_suppress": [
            {
              "id": "W1200",
              "reason": "Default transient keys used by SageMaker for encryption is sufficient for use case",
            },
          ],
        },
      },
      "Properties": {
        "ProductionVariants": [
          {
            "InitialVariantWeight": 1,
            "ModelName": {
              "Fn::GetAtt": [
                "QnABotEmbeddingModel",
                "ModelName",
              ],
            },
            "ServerlessConfig": {
              "MaxConcurrency": 50,
              "MemorySizeInMB": 4096,
            },
            "VariantName": "AllTraffic",
          },
        ],
      },
      "Type": "AWS::SageMaker::EndpointConfig",
    },
  },
}
`;
