// Jest Snapshot v1, https://goo.gl/fbAQLP

exports[`renders sagemaker-qa-summarize-llm template correctly 1`] = `
{
  "AWSTemplateFormatVersion": "2010-09-09",
  "Conditions": {
    "SagemakerProvisioned": {
      "Fn::Not": [
        {
          "Fn::Equals": [
            {
              "Ref": "SagemakerInitialInstanceCount",
            },
            0,
          ],
        },
      ],
    },
    "SagemakerServerless": {
      "Fn::Equals": [
        {
          "Ref": "SagemakerInitialInstanceCount",
        },
        0,
      ],
    },
    "VPCEnabled": {
      "Fn::Not": [
        {
          "Fn::Equals": [
            "",
            {
              "Ref": "VPCSecurityGroupIdList",
            },
          ],
        },
      ],
    },
  },
  "Description": "(SO0189n-sagemaker) QnABot nested sagemaker QA summarization resources",
  "Outputs": {
    "LLMSagemakerEndpoint": {
      "Value": {
        "Fn::If": [
          "SagemakerProvisioned",
          {
            "Fn::GetAtt": [
              "QnABotProvisionedQASummarizeLLMEndpoint",
              "EndpointName",
            ],
          },
          {
            "Fn::GetAtt": [
              "QnABotServerlessQASummarizeLLMEndpoint",
              "EndpointName",
            ],
          },
        ],
      },
    },
    "LLMSagemakerEndpointArn": {
      "Value": {
        "Fn::If": [
          "SagemakerProvisioned",
          {
            "Ref": "QnABotProvisionedQASummarizeLLMEndpoint",
          },
          {
            "Ref": "QnABotServerlessQASummarizeLLMEndpoint",
          },
        ],
      },
    },
  },
  "Parameters": {
    "BootstrapBucket": {
      "Type": "String",
    },
    "BootstrapPrefix": {
      "Type": "String",
    },
    "CFNLambda": {
      "Type": "String",
    },
    "S3Clean": {
      "Type": "String",
    },
    "SagemakerInitialInstanceCount": {
      "Type": "Number",
    },
    "SagemakerInstanceType": {
      "Type": "String",
    },
    "VPCSecurityGroupIdList": {
      "Type": "String",
    },
    "VPCSubnetIdList": {
      "Type": "String",
    },
  },
  "Resources": {
    "QnABotProvisionedQASummarizeLLMEndpoint": {
      "Condition": "SagemakerProvisioned",
      "Properties": {
        "EndpointConfigName": {
          "Fn::GetAtt": [
            "QnABotProvisionedQASummarizeLLMEndpointConfig",
            "EndpointConfigName",
          ],
        },
      },
      "Type": "AWS::SageMaker::Endpoint",
    },
    "QnABotProvisionedQASummarizeLLMEndpointConfig": {
      "Condition": "SagemakerProvisioned",
      "Metadata": {
        "cfn_nag": {
          "rules_to_suppress": [
            {
              "id": "W1200",
              "reason": "Default transient keys used by SageMaker for encryption is sufficient for use case",
            },
          ],
        },
      },
      "Properties": {
        "ProductionVariants": [
          {
            "InitialInstanceCount": {
              "Ref": "SagemakerInitialInstanceCount",
            },
            "InitialVariantWeight": 1,
            "InstanceType": {
              "Ref": "SagemakerInstanceType",
            },
            "ModelName": {
              "Fn::GetAtt": [
                "QnABotQASummarizeLLMModel",
                "ModelName",
              ],
            },
            "VariantName": "AllTraffic",
          },
        ],
      },
      "Type": "AWS::SageMaker::EndpointConfig",
    },
    "QnABotQASummarizeLLMModel": {
      "Properties": {
        "ExecutionRoleArn": {
          "Fn::GetAtt": [
            "QnABotQASummarizeLLMModelExecutionRole",
            "Arn",
          ],
        },
        "PrimaryContainer": {
          "Environment": {
            "ENDPOINT_SERVER_TIMEOUT": "3600",
            "HF_MODEL_ID": "/opt/ml/model",
            "MAX_INPUT_LENGTH": "4095",
            "MAX_TOTAL_TOKENS": "4096",
            "MODEL_CACHE_ROOT": "/opt/ml/model",
            "SAGEMAKER_ENV": "1",
            "SAGEMAKER_MODEL_SERVER_WORKERS": "1",
            "SAGEMAKER_PROGRAM": "inference.py",
            "SM_NUM_GPUS": "4",
          },
          "Image": {
            "Fn::Sub": "763104351884.dkr.ecr.\${AWS::Region}.amazonaws.com/huggingface-pytorch-tgi-inference:2.3.0-tgi2.2.0-gpu-py310-cu121-ubuntu22.04-v2.0",
          },
          "ModelDataSource": {
            "S3DataSource": {
              "CompressionType": "None",
              "ModelAccessConfig": {
                "AcceptEula": true,
              },
              "S3DataType": "S3Prefix",
              "S3Uri": {
                "Fn::Sub": "s3://jumpstart-private-cache-prod-\${AWS::Region}/meta-textgeneration/meta-textgeneration-llama-2-13b-f/artifacts/inference-prepack/v1.1.0/",
              },
            },
          },
        },
        "VpcConfig": {
          "Fn::If": [
            "VPCEnabled",
            {
              "SecurityGroupIds": {
                "Fn::Split": [
                  ",",
                  {
                    "Ref": "VPCSecurityGroupIdList",
                  },
                ],
              },
              "Subnets": {
                "Fn::Split": [
                  ",",
                  {
                    "Ref": "VPCSubnetIdList",
                  },
                ],
              },
            },
            {
              "Ref": "AWS::NoValue",
            },
          ],
        },
      },
      "Type": "AWS::SageMaker::Model",
    },
    "QnABotQASummarizeLLMModelExecutionRole": {
      "Metadata": {
        "cfn_nag": {
          "rules_to_suppress": [
            {
              "id": "W11",
              "reason": "cloudwatch:PutMetricData, ecr:GetAuthorizationToken, and ec2:Describe* actions cannot be bound to a resource",
            },
          ],
        },
        "guard": {
          "SuppressedRules": [
            "IAM_NO_INLINE_POLICY_CHECK",
          ],
        },
      },
      "Properties": {
        "AssumeRolePolicyDocument": {
          "Statement": [
            {
              "Action": [
                "sts:AssumeRole",
              ],
              "Effect": "Allow",
              "Principal": {
                "Service": [
                  "sagemaker.amazonaws.com",
                ],
              },
            },
          ],
          "Version": "2012-10-17",
        },
        "Path": "/",
        "Policies": [
          {
            "PolicyDocument": {
              "Statement": [
                {
                  "Action": [
                    "logs:CreateLogStream",
                    "logs:CreateLogGroup",
                    "logs:DescribeLogStreams",
                  ],
                  "Effect": "Allow",
                  "Resource": [
                    {
                      "Fn::Sub": "arn:\${AWS::Partition}:logs:\${AWS::Region}:\${AWS::AccountId}:log-group:/aws/sagemaker/*",
                    },
                  ],
                },
                {
                  "Action": [
                    "logs:PutLogEvents",
                  ],
                  "Effect": "Allow",
                  "Resource": [
                    {
                      "Fn::Sub": "arn:\${AWS::Partition}:logs:\${AWS::Region}:\${AWS::AccountId}:log-group:/aws/sagemaker/*:log-stream:*",
                    },
                  ],
                },
                {
                  "Action": [
                    "cloudwatch:PutMetricData",
                    "ecr:GetAuthorizationToken",
                  ],
                  "Effect": "Allow",
                  "Resource": [
                    "*",
                  ],
                },
                {
                  "Action": [
                    "ecr:BatchCheckLayerAvailability",
                    "ecr:GetDownloadUrlForLayer",
                    "ecr:BatchGetImage",
                  ],
                  "Effect": "Allow",
                  "Resource": [
                    {
                      "Fn::Sub": "arn:\${AWS::Partition}:ecr:\${AWS::Region}:*:repository/huggingface-pytorch-tgi-inference",
                    },
                  ],
                },
                {
                  "Action": [
                    "ec2:DescribeVpcEndpoints",
                    "ec2:DescribeDhcpOptions",
                    "ec2:DescribeVpcs",
                    "ec2:DescribeSubnets",
                    "ec2:DescribeSecurityGroups",
                    "ec2:DescribeNetworkInterfaces",
                  ],
                  "Effect": "Allow",
                  "Resource": [
                    "*",
                  ],
                },
                {
                  "Action": [
                    "ec2:CreateNetworkInterface",
                    "ec2:CreateNetworkInterfacePermission",
                  ],
                  "Effect": "Allow",
                  "Resource": [
                    {
                      "Fn::Sub": "arn:\${AWS::Partition}:ec2:\${AWS::Region}:\${AWS::AccountId}:network-interface/*",
                    },
                    {
                      "Fn::Sub": "arn:\${AWS::Partition}:ec2:\${AWS::Region}:\${AWS::AccountId}:subnet/*",
                    },
                    {
                      "Fn::Sub": "arn:\${AWS::Partition}:ec2:\${AWS::Region}:\${AWS::AccountId}:security-group/*",
                    },
                  ],
                },
              ],
              "Version": "2012-10-17",
            },
            "PolicyName": "S3Policy",
          },
        ],
      },
      "Type": "AWS::IAM::Role",
    },
    "QnABotServerlessQASummarizeLLMEndpoint": {
      "Condition": "SagemakerServerless",
      "Properties": {
        "EndpointConfigName": {
          "Fn::GetAtt": [
            "QnABotServerlessQASummarizeLLMEndpointConfig",
            "EndpointConfigName",
          ],
        },
      },
      "Type": "AWS::SageMaker::Endpoint",
    },
    "QnABotServerlessQASummarizeLLMEndpointConfig": {
      "Condition": "SagemakerServerless",
      "Metadata": {
        "cfn_nag": {
          "rules_to_suppress": [
            {
              "id": "W1200",
              "reason": "Default transient keys used by SageMaker for encryption is sufficient for use case",
            },
          ],
        },
      },
      "Properties": {
        "ProductionVariants": [
          {
            "InitialVariantWeight": 1,
            "ModelName": {
              "Fn::GetAtt": [
                "QnABotQASummarizeLLMModel",
                "ModelName",
              ],
            },
            "ServerlessConfig": {
              "MaxConcurrency": 50,
              "MemorySizeInMB": 4096,
            },
            "VariantName": "AllTraffic",
          },
        ],
      },
      "Type": "AWS::SageMaker::EndpointConfig",
    },
  },
}
`;
